Using CPython 3.12.13 interpreter at: /usr/bin/python3.12
Creating virtual environment at: venvs/gemma
Activate with: source venvs/gemma/bin/activate
Using Python 3.12.13 environment at: venvs/gemma
Resolved 28 packages in 1.45s
Downloading sympy (6.0MiB)
Downloading setuptools (1.2MiB)
Downloading nvidia-cufile-cu12 (1.1MiB)
Downloading nvidia-nvjitlink-cu12 (18.8MiB)
Downloading nvidia-cusparselt-cu12 (273.9MiB)
Downloading pillow (6.6MiB)
Downloading triton (148.4MiB)
Downloading nvidia-curand-cu12 (53.7MiB)
Downloading nvidia-cudnn-cu12 (674.0MiB)
Downloading nvidia-cufft-cu12 (190.9MiB)
Downloading nvidia-nccl-cu12 (307.4MiB)
Downloading nvidia-cuda-nvrtc-cu12 (22.6MiB)
Downloading nvidia-cusparse-cu12 (206.5MiB)
Downloading nvidia-cublas-cu12 (374.9MiB)
Downloading networkx (2.0MiB)
Downloading numpy (15.9MiB)
Downloading nvidia-cuda-cupti-cu12 (8.5MiB)
Downloading nvidia-cusolver-cu12 (150.9MiB)
Downloading torch (783.7MiB)
Downloading torchvision (7.0MiB)
 Downloaded nvidia-cufile-cu12
 Downloaded nvidia-nvjitlink-cu12
 Downloaded nvidia-cuda-cupti-cu12
 Downloaded pillow
 Downloaded torchvision
 Downloaded nvidia-cuda-nvrtc-cu12
 Downloaded nvidia-curand-cu12
 Downloaded nvidia-cusparselt-cu12
 Downloaded setuptools
 Downloaded networkx
 Downloaded triton
 Downloaded numpy
 Downloaded nvidia-cufft-cu12
  × Failed to download `nvidia-cublas-cu12==12.6.4.1`
  ├─▶ Failed to extract archive: nvidia_cublas_cu12-12.6.4.1-py3-none-manylinux2014_x86_64.manylinux_2_17_x86_64.whl
  ├─▶ I/O operation failed during extraction
  ╰─▶ failed to flush file `/root/.cache/uv/.tmp7q1H6k/nvidia/cublas/lib/libcublasLt.so.12`: No space left on device (os error 28)

hint: `nvidia-cublas-cu12` (v12.6.4.1) was included because `torch` (v2.8.0+cu126) depends on `nvidia-cublas-cu12`
Using Python 3.12.13 environment at: venvs/gemma
Resolved 28 packages in 763ms
Downloading networkx (2.0MiB)
Downloading setuptools (1.2MiB)
Downloading nvidia-cufile-cu12 (1.1MiB)
Downloading nvidia-cusparselt-cu12 (273.9MiB)
Downloading nvidia-cudnn-cu12 (674.0MiB)
Downloading nvidia-nvjitlink-cu12 (18.8MiB)
Downloading nvidia-curand-cu12 (53.7MiB)
Downloading pillow (6.6MiB)
Downloading sympy (6.0MiB)
Downloading numpy (15.9MiB)
Downloading nvidia-cufft-cu12 (190.9MiB)
Downloading nvidia-cuda-nvrtc-cu12 (22.6MiB)
Downloading nvidia-nccl-cu12 (307.4MiB)
Downloading triton (148.4MiB)
Downloading torchvision (7.0MiB)
Downloading torch (783.7MiB)
Downloading nvidia-cuda-cupti-cu12 (8.5MiB)
Downloading nvidia-cusparse-cu12 (206.5MiB)
Downloading nvidia-cusolver-cu12 (150.9MiB)
Downloading nvidia-cublas-cu12 (374.9MiB)
 Downloaded nvidia-cufile-cu12
 Downloaded nvidia-cuda-cupti-cu12
 Downloaded nvidia-nvjitlink-cu12
 Downloaded torchvision
 Downloaded pillow
 Downloaded nvidia-curand-cu12
 Downloaded nvidia-cuda-nvrtc-cu12
 Downloaded setuptools
 Downloaded nvidia-cusparselt-cu12
 Downloaded networkx
 Downloaded triton
 Downloaded nvidia-cufft-cu12
 Downloaded nvidia-cusparse-cu12
 Downloaded nvidia-cusolver-cu12
 Downloaded numpy
 Downloaded nvidia-nccl-cu12
 Downloaded nvidia-cublas-cu12
 Downloaded nvidia-cudnn-cu12
 Downloaded sympy
 Downloaded torch
Prepared 28 packages in 1m 49s
Installed 28 packages in 3m 02s
 + filelock==3.32.3
 + fsspec==2026.7.0
 + jinja2==3.1.6
 + markupsafe==3.0.3
 + mpmath==1.3.0
 + networkx==3.6.1
 + numpy==2.5.2
 + nvidia-cublas-cu12==12.6.4.1
 + nvidia-cuda-cupti-cu12==12.6.80
 + nvidia-cuda-nvrtc-cu12==12.6.77
 + nvidia-cuda-runtime-cu12==12.6.77
 + nvidia-cudnn-cu12==9.10.2.21
 + nvidia-cufft-cu12==11.3.0.4
 + nvidia-cufile-cu12==1.11.1.6
 + nvidia-curand-cu12==10.3.7.77
 + nvidia-cusolver-cu12==11.7.1.2
 + nvidia-cusparse-cu12==12.5.4.2
 + nvidia-cusparselt-cu12==0.7.1
 + nvidia-nccl-cu12==2.27.3
 + nvidia-nvjitlink-cu12==12.6.85
 + nvidia-nvtx-cu12==12.6.77
 + pillow==12.3.0
 + setuptools==78.1.0
 + sympy==1.14.0
 + torch==2.8.0+cu126
 + torchvision==0.23.0+cu126
 + triton==3.4.0
 + typing-extensions==4.16.0
Using Python 3.12.13 environment at: venvs/gemma
Resolved 56 packages in 1.09s
Downloading tokenizers (3.1MiB)
Downloading pillow (4.3MiB)
Downloading hf-xet (4.3MiB)
Downloading pydantic-core (2.0MiB)
Downloading transformers (11.4MiB)
Downloading sentencepiece (1.3MiB)
 Downloaded sentencepiece
 Downloaded pydantic-core
 Downloaded tokenizers
 Downloaded hf-xet
 Downloaded pillow
 Downloaded transformers
Prepared 29 packages in 19.57s
Uninstalled 1 package in 161ms
Installed 29 packages in 30.16s
 + accelerate==1.12.0
 + annotated-doc==0.0.5
 + annotated-types==0.8.0
 + anyio==4.15.1
 + certifi==2026.7.22
 + charset-normalizer==3.5.1
 + click==8.5.0
 + fastapi==0.141.1
 + h11==0.16.0
 + hf-xet==1.6.0
 + huggingface-hub==0.36.2
 + idna==3.19
 + packaging==26.3
 - pillow==12.3.0
 + pillow==10.4.0
 + psutil==7.2.2
 + pydantic==2.13.5
 + pydantic-core==2.46.5
 + pyyaml==6.0.3
 + regex==2026.9.10
 + requests==2.34.2
 + safetensors==0.8.0
 + sentencepiece==0.2.1
 + starlette==1.6.0
 + tokenizers==0.22.2
 + tqdm==4.70.1
 + transformers==4.57.6
 + typing-inspection==0.4.4
 + urllib3==2.7.0
 + uvicorn==0.52.1
Gemma runtime: 2.8.0+cu126 CUDA 12.6 GPU: NVIDIA A40
v24.13.0
Ready: GEMMA_PYTHON=/workspace/GPU_Profiling/venvs/gemma/bin/python bash csnbs/start_gemma_server.sh
