images/textvqa_71e2433bfd38a9dc.jpg
images/textvqa_40c6b4dd3caa006f.jpg
images/textvqa_fa9ffd5aca1e4e51.jpg
images/textvqa_97b1112b17015396.jpg
images/textvqa_fe32ee8991d2e59f.jpg
images/textvqa_30f9b48158fc56e6.jpg
images/textvqa_181f00d3ee2b2076.jpg
images/textvqa_270ee71a340f50e8.jpg
images/textvqa_5ce862cbefd8458f.jpg
images/textvqa_cc9c3bff02242301.jpg
images/textvqa_45dc5b66e3f3f31b.jpg
images/textvqa_012372cab6855b83.jpg
images/textvqa_bdbfae49210475d4.jpg
images/textvqa_c8616652f54577f4.jpg
images/textvqa_fb39f5b120097669.jpg
images/mme_count_000000427034.jpg
images/mme_count_000000434479.jpg
images/mme_count_000000438304.jpg
images/mme_count_000000565045.jpg
images/mme_count_000000357816.jpg
images/mme_count_000000006040.jpg
images/mme_count_000000195918.jpg
images/mme_count_000000372819.jpg
images/mme_count_000000289059.jpg
images/mme_count_000000044279.jpg
images/mme_count_000000410612.jpg
images/mme_count_000000335954.jpg
images/mme_count_000000290081.jpg
images/mme_count_000000430286.jpg
images/mme_count_000000556000.jpg
images/mme_position_000000211825.jpg
images/mme_position_000000395801.jpg
images/mme_position_000000204871.jpg
images/mme_position_000000007281.jpg
images/mme_position_000000472046.jpg
images/mme_position_000000048504.jpg
images/mme_position_000000395701.jpg
images/mme_position_000000062808.jpg
images/gqa_n414992_6.jpg
images/gqa_n578564_13.jpg
images/mme_position_000000056127.jpg
images/mme_position_000000014038.jpg
images/mme_position_000000477955.jpg
images/mme_position_000000458410.jpg
images/mme_position_000000426241.jpg
images/gqa_n309148_109.jpg
images/gqa_n207708_55.jpg
images/mme_existence_000000494427.jpg
images/mme_existence_000000009590.jpg
images/mme_existence_000000537812.jpg
images/mme_existence_000000015746.jpg
images/mme_existence_000000037751.jpg
images/mme_existence_000000050145.jpg
images/mme_existence_000000007816.jpg
images/mme_existence_000000572956.jpg
images/gqa_n473688_116.jpg
images/mme_existence_000000007108.jpg
images/mme_existence_000000061418.jpg
images/mme_existence_000000541952.jpg
images/mme_existence_000000424521.jpg
images/mme_scene_Places365_val_00000144.jpg
images/mme_scene_Places365_val_00000193.jpg
images/mme_scene_Places365_val_00000089.jpg
images/mme_scene_Places365_val_00000165.jpg
images/mme_scene_Places365_val_00000162.jpg
images/mme_scene_Places365_val_00000164.jpg
images/mme_scene_Places365_val_00000011.jpg
images/mme_scene_Places365_val_00000009.jpg
images/mme_scene_Places365_val_00000072.jpg
images/mme_scene_Places365_val_00000127.jpg
images/mme_scene_Places365_val_00000106.jpg
images/mme_scene_Places365_val_00000052.jpg
images/mme_scene_Places365_val_00000163.jpg
images/mme_scene_Places365_val_00000022.jpg
images/mme_scene_Places365_val_00000108.jpg
images/mme_color_000000492992.jpg
images/mme_color_000000006723.jpg
images/mme_color_000000377723.jpg
images/mme_color_000000370208.jpg
images/mme_color_000000012120.jpg
images/mme_color_000000053994.jpg
images/mme_color_000000492362.jpg
images/mme_color_000000047112.jpg
images/mme_color_000000512929.jpg
images/mme_color_000000047121.jpg
images/mme_color_000000014831.jpg
images/mme_color_000000057597.jpg
images/mme_color_000000563758.jpg
images/gqa_n235859_1.jpg
images/mme_color_000000008277.jpg
